{"global":{"verbose":2},"nrtUpdater":{"hostname":"TEST_NODE"},"resourceMonitor":{"sysfsRoot":"/sys","podSetFingerprint":true,"podSetFingerprintMethod":"with-exclusive-resources"},"topologyExporter":{"referenceContainer":{"namespace":"TEST_NS","podName":"TEST_POD","containerName":"TEST_CONT"},"kubeletConfigFile":"/podresources/config.yaml","podResourcesSocketPath":"unix:///podresources/kubelet.sock","sleepInterval":60000000000,"podReadinessEnable":true,"maxEventPerTimeUnit":1,"timeUnitToLimitEvents":1000000000,"addNRTOwnerEnable":true,"metricsMode":"disabled","metricsPort":2112,"metricsTLS":{"certsDir":"/etc/secrets/rte","certFile":"tls.crt","keyFile":"tls.key"}}}