{"NRTupdater":{"NoPublish":false,"Oneshot":false,"Hostname":"TEST_NODE"},"Resourcemonitor":{"Namespace":"","SysfsRoot":"/sys","ExcludeList":null,"RefreshNodeResources":false,"PodSetFingerprint":false,"ExposeTiming":false,"PodSetFingerprintStatusFile":""},"RTE":{"Debug":false,"ReferenceContainer":{"Namespace":"TEST_NS","PodName":"TEST_POD","ContainerName":"TEST_CONT"},"TopologyManagerPolicy":"","TopologyManagerScope":"","KubeletConfigFile":"/podresources/config.yaml","KubeletStateDirs":[""],"PodResourcesSocketPath":"unix:///podresources/kubelet.sock","SleepInterval":60000000000,"PodReadinessEnable":true,"NotifyFilePath":"","MaxEventsPerTimeUnit":1,"TimeUnitToLimitEvents":1000000000},"Version":false,"DumpConfig":""}